#-----------------------------------------------------------
# Vivado v2026.1 (64-bit)
# SW Build 6511674 on Tue Jun 16 11:02:23 MDT 2026
# IP Build 6504888 on Tue Jun 09 09:05:25 MDT 2026
# SharedData Build 6501428 on Mon Jun 08 17:34:18 MDT 2026
# Start of session at: Tue Jun 30 18:26:22 2026
# Process ID         : 15800
# Current directory  : C:/Users/andsc/vhdl_risc32i/vhdl_risc32i.runs/synth_1
# Command line       : vivado.exe -log RV32I_CPU_ALU.vds -product Vivado -mode batch -messageDb vivado.pb -notrace -source RV32I_CPU_ALU.tcl
# Log file           : C:/Users/andsc/vhdl_risc32i/vhdl_risc32i.runs/synth_1/RV32I_CPU_ALU.vds
# Journal file       : C:/Users/andsc/vhdl_risc32i/vhdl_risc32i.runs/synth_1\vivado.jou
# Running On         : PC-Andre
# Platform           : Windows 11
# Operating System   : 26200
# Processor Detail   : AMD Ryzen 7 5800X 8-Core Processor             
# CPU Frequency      : 3793 MHz
# CPU Physical cores : 8
# CPU Logical cores  : 16
# Host memory        : 68623 MB
# Swap memory        : 4294 MB
# Total Virtual      : 72918 MB
# Available Virtual  : 30746 MB
#-----------------------------------------------------------
source RV32I_CPU_ALU.tcl -notrace
